// Jest Snapshot v1, https://goo.gl/fbAQLP

exports[`withReviewNew is rendered correctly 1`] = `<div />`;
