// Jest Snapshot v1, https://goo.gl/fbAQLP

exports[`withOpenSortingList is rendered correctly 1`] = `<div />`;
